
Map of Debug\project.sm8 from link file Debug\project.lkf - Sun Nov 25 23:28:09 2018


                               --------
                               Segments
                               --------

start 00008080 end 000080cf length    79 segment .const
start 000080e1 end 00008567 length  1158 segment .text
start 00004000 end 00004000 length     0 segment .eeprom
start 00000000 end 0000000a length    10 segment .bsct, initialized
start 000080d7 end 000080e1 length    10 segment .bsct, from
start 0000000a end 0000004b length    65 segment .ubsct
start 0000004b end 0000004b length     0 segment .bit
start 0000004b end 0000004b length     0 segment .share
start 00000100 end 00000100 length     0 segment .data
start 00000100 end 00000100 length     0 segment .bss
start 00000000 end 000008f4 length  2292 segment .info.
start 00000000 end 000050c0 length 20672 segment .debug
start 00008000 end 00008080 length   128 segment .const
start 000080cf end 000080d7 length     8 segment .init


                               -------
                               Modules
                               -------

C:\Program Files (x86)\COSMIC\CXSTM8_32K\Lib\crtsi0.sm8:
start 000080e1 end 0000812c length    75 section .text
start 00000100 end 00000100 length     0 section .bss
start 0000000a end 0000000a length     0 section .ubsct
start 00000000 end 0000002f length    47 section .info.

Debug\delay.o:
start ******** end ******** length     0 section .text *** removed ***
start 00000000 end 000001ab length   427 section .debug
start 0000002f end 000000a8 length   121 section .info.

Debug\flash.o:
start 0000812c end 000081e8 length   188 section .text
start 000001ab end 00000405 length   602 section .debug
start 000000a8 end 00000121 length   121 section .info.
start 00008080 end 00008084 length     4 section .const

Debug\key.o:
start 000081e8 end 00008292 length   170 section .text
start 00000000 end 00000007 length     7 section .bsct
start 0000000a end 0000000c length     2 section .ubsct
start 00000405 end 00000622 length   541 section .debug
start 00000121 end 00000198 length   119 section .info.

Debug\stm8s_it.o:
start 00008292 end 0000836c length   218 section .text
start 00000007 end 0000000a length     3 section .bsct
start 00000622 end 00001027 length  2565 section .debug
start 00000198 end 00000214 length   124 section .info.
start 00008084 end 0000809d length    25 section .const

Debug\main.o:
start 0000836c end 000083c8 length    92 section .text
start 0000000c end 00000041 length    53 section .ubsct
start 00001027 end 00001481 length  1114 section .debug
start 00000214 end 0000028c length   120 section .info.

Debug\stm8s_clk.o:
start ******** end ******** length     0 section .text *** removed ***
start 00001481 end 00002af0 length  5743 section .debug
start 0000028c end 00000309 length   125 section .info.
start ******** end ******** length     0 section .const *** removed ***

Debug\stm8s_exti.o:
start ******** end ******** length     0 section .text *** removed ***
start 00002af0 end 00002f7f length  1167 section .debug
start 00000309 end 00000387 length   126 section .info.
start ******** end ******** length     0 section .const *** removed ***

Debug\stm8s_flash.o:
start ******** end ******** length     0 section .text *** removed ***
start 00002f7f end 00003d5e length  3551 section .debug
start 00000387 end 00000406 length   127 section .info.
start ******** end ******** length     0 section .const *** removed ***

Debug\stm8s_gpio.o:
start 000083c8 end 00008524 length   348 section .text
start 00003d5e end 00004768 length  2570 section .debug
start 00000406 end 00000484 length   126 section .info.
start 0000809d end 000080cf length    50 section .const

Debug\stm8s_itc.o:
start ******** end ******** length     0 section .text *** removed ***
start 00004768 end 00004d6b length  1539 section .debug
start 00000484 end 00000501 length   125 section .info.
start ******** end ******** length     0 section .const *** removed ***

Debug\stm8s_rst.o:
start ******** end ******** length     0 section .text *** removed ***
start 00004d6b end 00004f9a length   559 section .debug
start 00000501 end 0000057e length   125 section .info.
start ******** end ******** length     0 section .const *** removed ***

(C:\Program Files (x86)\COSMIC\CXSTM8_32K\Lib\libm0.sm8)cmulx.o:
start ******** end ******** length     0 section .text *** removed ***
start 0000057e end 000005ad length    47 section .info.

(C:\Program Files (x86)\COSMIC\CXSTM8_32K\Lib\libm0.sm8)ladd.o:
start 00008524 end 0000853c length    24 section .text
start 000005ad end 000005db length    46 section .info.

(C:\Program Files (x86)\COSMIC\CXSTM8_32K\Lib\libm0.sm8)lcmp.o:
start ******** end ******** length     0 section .text *** removed ***
start 000005db end 00000609 length    46 section .info.

(C:\Program Files (x86)\COSMIC\CXSTM8_32K\Lib\libm0.sm8)lgadd.o:
start ******** end ******** length     0 section .text *** removed ***
start 00000609 end 00000638 length    47 section .info.

(C:\Program Files (x86)\COSMIC\CXSTM8_32K\Lib\libm0.sm8)lreg.o:
start 00000041 end 00000045 length     4 section .ubsct
start 00000638 end 00000666 length    46 section .info.

(C:\Program Files (x86)\COSMIC\CXSTM8_32K\Lib\libm0.sm8)ltor.o:
start 0000853c end 0000854e length    18 section .text
start 00000666 end 00000694 length    46 section .info.

(C:\Program Files (x86)\COSMIC\CXSTM8_32K\Lib\libm0.sm8)ludiv.o:
start ******** end ******** length     0 section .text *** removed ***
start 00000694 end 000006c3 length    47 section .info.

(C:\Program Files (x86)\COSMIC\CXSTM8_32K\Lib\libm0.sm8)ldiv.o:
start ******** end ******** length     0 section .text *** removed ***
start 000006c3 end 000006f1 length    46 section .info.

(C:\Program Files (x86)\COSMIC\CXSTM8_32K\Lib\libm0.sm8)lgneg.o:
start ******** end ******** length     0 section .text *** removed ***
start 000006f1 end 00000720 length    47 section .info.

(C:\Program Files (x86)\COSMIC\CXSTM8_32K\Lib\libm0.sm8)lneg.o:
start ******** end ******** length     0 section .text *** removed ***
start 00000720 end 0000074e length    46 section .info.

(C:\Program Files (x86)\COSMIC\CXSTM8_32K\Lib\libm0.sm8)rtol.o:
start 0000854e end 00008560 length    18 section .text
start 0000074e end 0000077c length    46 section .info.

(C:\Program Files (x86)\COSMIC\CXSTM8_32K\Lib\libm0.sm8)utolx.o:
start 00008560 end 00008567 length     7 section .text
start 0000077c end 000007ab length    47 section .info.

(C:\Program Files (x86)\COSMIC\CXSTM8_32K\Lib\libm0.sm8)umul.o:
start ******** end ******** length     0 section .text *** removed ***
start 000007ab end 000007d9 length    46 section .info.

(C:\Program Files (x86)\COSMIC\CXSTM8_32K\Lib\libm0.sm8)xreg.o:
start 00000045 end 00000048 length     3 section .ubsct
start 000007d9 end 00000807 length    46 section .info.

(C:\Program Files (x86)\COSMIC\CXSTM8_32K\Lib\libm0.sm8)yreg.o:
start 00000048 end 0000004b length     3 section .ubsct
start 00000807 end 00000835 length    46 section .info.

Debug\stm8_interrupt_vector.o:
start 00004f9a end 000050c0 length   294 section .debug
start 00000835 end 000008be length   137 section .info.
start 00008000 end 00008080 length   128 section .const


                             -----------
                             Stack usage
                             -----------

Debug\flash.o:
_config_flash2ram                      21   (2)
_config_ram2flash                  >   21   (2)
_eeprom_read_nbyte                     19   (16)
_eeprom_write_nbyte                    19   (16)

Debug\key.o:
_key_service                            5   (5)

Debug\main.o:
_ALL_GpioInit                          14   (2)
_IWDG_Config                       >    2   (2)
_assert_failed                          6   (6)
_init_timer4                            2   (2)
_main                              >   23   (2)

Debug\stm8s_gpio.o:
_GPIO_DeInit                       >    2   (2)
_GPIO_ExternalPullUpConfig         >   12   (6)
_GPIO_Init                             12   (6)
_GPIO_ReadInputData                >    2   (2)
_GPIO_ReadInputPin                 >    5   (5)
_GPIO_ReadOutputData               >    2   (2)
_GPIO_Write                        >    5   (5)
_GPIO_WriteHigh                    >    5   (5)
_GPIO_WriteLow                     >    5   (5)
_GPIO_WriteReverse                 >    5   (5)

Debug\stm8s_it.o:
_TIM2_GetCounter                   >    4   (4)
_TIM2_GetITStatus                  >   11   (5)
_TIM2_SetCompare1                  >    2   (2)
_TIM2_SetCounter                   >    2   (2)
_t1s_loop                          >    2   (2)
f_ADC1_IRQHandler                  >    5   (5)
f_AWU_IRQHandler                   >    5   (5)
f_CLK_IRQHandler                   >    5   (5)
f_EEPROM_EEC_IRQHandler            >    5   (5)
f_EXTI_PORTA_IRQHandler            >    5   (5)
f_EXTI_PORTB_IRQHandler            >    5   (5)
f_EXTI_PORTC_IRQHandler            >    5   (5)
f_EXTI_PORTD_IRQHandler            >    5   (5)
f_EXTI_PORTE_IRQHandler            >    5   (5)
f_I2C_IRQHandler                   >    5   (5)
f_NonHandledInterrupt              >    5   (5)
f_SPI_IRQHandler                   >    5   (5)
f_TIM1_CAP_COM_IRQHandler          >    5   (5)
f_TIM1_UPD_OVF_TRG_BRK_IRQHandler  >    5   (5)
f_TIM2_CAP_COM_IRQHandler          >    5   (5)
f_TIM2_UPD_OVF_BRK_IRQHandler      >    5   (5)
f_TIM3_CAP_COM_IRQHandler          >    5   (5)
f_TIM3_UPD_OVF_BRK_IRQHandler      >    5   (5)
f_TIM4_UPD_OVF_IRQHandler          >   16   (11)
f_TLI_IRQHandler                   >    5   (5)
f_TRAP_IRQHandler                  >    5   (5)
f_UART1_RX_IRQHandler              >    5   (5)
f_UART1_TX_IRQHandler              >    5   (5)

Stack size: 39


                              ---------
                              Call tree
                              ---------
   1 > _GPIO_DeInit: (2)

   2 > _GPIO_ExternalPullUpConfig: (6)
   3      + _assert_failed: (6)
       
   4 > _GPIO_ReadInputData: (2)

   5 > _GPIO_ReadInputPin: (5)

   6 > _GPIO_ReadOutputData: (2)

   7 > _GPIO_Write: (5)

   8 > _GPIO_WriteHigh: (5)

   9 > _GPIO_WriteLow: (5)

  10 > _GPIO_WriteReverse: (5)

  11 > _IWDG_Config: (2)

  12 > _TIM2_GetCounter: (4)

  13 > _TIM2_GetITStatus: (5)
  14      + _assert_failed --> 3
       
  15 > _TIM2_SetCompare1: (2)

  16 > _TIM2_SetCounter: (2)

  17 > __stext: (0)

  18 > _config_ram2flash: (2)
  19      + _eeprom_write_nbyte: (16)
       
  20 > _main: (2)
  21      + _ALL_GpioInit: (2)
  22      |    + _GPIO_Init: (6)
  23      |    |    + _assert_failed --> 3
          |    | 
          | 
  24      + _config_flash2ram: (2)
  25      |    + _eeprom_read_nbyte: (16)
          | 
  26      + _init_timer4: (2)
       
  27 > _t1s_loop: (2)

  28 > f_ADC1_IRQHandler: (5)

  29 > f_AWU_IRQHandler: (5)

  30 > f_CLK_IRQHandler: (5)

  31 > f_EEPROM_EEC_IRQHandler: (5)

  32 > f_EXTI_PORTA_IRQHandler: (5)

  33 > f_EXTI_PORTB_IRQHandler: (5)

  34 > f_EXTI_PORTC_IRQHandler: (5)

  35 > f_EXTI_PORTD_IRQHandler: (5)

  36 > f_EXTI_PORTE_IRQHandler: (5)

  37 > f_I2C_IRQHandler: (5)

  38 > f_NonHandledInterrupt: (5)

  39 > f_SPI_IRQHandler: (5)

  40 > f_TIM1_CAP_COM_IRQHandler: (5)

  41 > f_TIM1_UPD_OVF_TRG_BRK_IRQHandler: (5)

  42 > f_TIM2_CAP_COM_IRQHandler: (5)

  43 > f_TIM2_UPD_OVF_BRK_IRQHandler: (5)

  44 > f_TIM3_CAP_COM_IRQHandler: (5)

  45 > f_TIM3_UPD_OVF_BRK_IRQHandler: (5)

  46 > f_TIM4_UPD_OVF_IRQHandler: (11)
  47      + _key_service: (5)
       
  48 > f_TLI_IRQHandler: (5)

  49 > f_TRAP_IRQHandler: (5)

  50 > f_UART1_RX_IRQHandler: (5)

  51 > f_UART1_TX_IRQHandler: (5)

  52   _ALL_GpioInit --> 21

  53   _GPIO_Init --> 22

  54   _assert_failed --> 3

  55   _config_flash2ram --> 24

  56   _eeprom_read_nbyte --> 25

  57   _eeprom_write_nbyte --> 19

  58   _init_timer4 --> 26

  59   _key_service --> 47



                               -------
                               Symbols
                               -------

_ALL_GpioInit                       0000836c   defined in Debug\main.o section .text
_CLKPrescTable                      ********   *** removed from Debug\stm8s_clk.o ***
_CLK_AdjustHSICalibrationValue      ********   *** removed from Debug\stm8s_clk.o ***
_CLK_CCOCmd                         ********   *** removed from Debug\stm8s_clk.o ***
_CLK_CCOConfig                      ********   *** removed from Debug\stm8s_clk.o ***
_CLK_ClearITPendingBit              ********   *** removed from Debug\stm8s_clk.o ***
_CLK_ClockSecuritySystemEnable      ********   *** removed from Debug\stm8s_clk.o ***
_CLK_ClockSwitchCmd                 ********   *** removed from Debug\stm8s_clk.o ***
_CLK_ClockSwitchConfig              ********   *** removed from Debug\stm8s_clk.o ***
_CLK_DeInit                         ********   *** removed from Debug\stm8s_clk.o ***
_CLK_FastHaltWakeUpCmd              ********   *** removed from Debug\stm8s_clk.o ***
_CLK_GetClockFreq                   ********   *** removed from Debug\stm8s_clk.o ***
_CLK_GetFlagStatus                  ********   *** removed from Debug\stm8s_clk.o ***
_CLK_GetITStatus                    ********   *** removed from Debug\stm8s_clk.o ***
_CLK_GetSYSCLKSource                ********   *** removed from Debug\stm8s_clk.o ***
_CLK_HSECmd                         ********   *** removed from Debug\stm8s_clk.o ***
_CLK_HSICmd                         ********   *** removed from Debug\stm8s_clk.o ***
_CLK_HSIPrescalerConfig             ********   *** removed from Debug\stm8s_clk.o ***
_CLK_ITConfig                       ********   *** removed from Debug\stm8s_clk.o ***
_CLK_LSICmd                         ********   *** removed from Debug\stm8s_clk.o ***
_CLK_PeripheralClockConfig          ********   *** removed from Debug\stm8s_clk.o ***
_CLK_SWIMConfig                     ********   *** removed from Debug\stm8s_clk.o ***
_CLK_SYSCLKConfig                   ********   *** removed from Debug\stm8s_clk.o ***
_CLK_SYSCLKEmergencyClear           ********   *** removed from Debug\stm8s_clk.o ***
_CLK_SlowActiveHaltWakeUpCmd        ********   *** removed from Debug\stm8s_clk.o ***
_EXTI_DeInit                        ********   *** removed from Debug\stm8s_exti.o ***
_EXTI_GetExtIntSensitivity          ********   *** removed from Debug\stm8s_exti.o ***
_EXTI_GetTLISensitivity             ********   *** removed from Debug\stm8s_exti.o ***
_EXTI_SetExtIntSensitivity          ********   *** removed from Debug\stm8s_exti.o ***
_EXTI_SetTLISensitivity             ********   *** removed from Debug\stm8s_exti.o ***
_FLASH_DeInit                       ********   *** removed from Debug\stm8s_flash.o ***
_FLASH_EraseBlock                   ********   *** removed from Debug\stm8s_flash.o ***
_FLASH_EraseByte                    ********   *** removed from Debug\stm8s_flash.o ***
_FLASH_EraseOptionByte              ********   *** removed from Debug\stm8s_flash.o ***
_FLASH_GetBootSize                  ********   *** removed from Debug\stm8s_flash.o ***
_FLASH_GetFlagStatus                ********   *** removed from Debug\stm8s_flash.o ***
_FLASH_GetLowPowerMode              ********   *** removed from Debug\stm8s_flash.o ***
_FLASH_GetProgrammingTime           ********   *** removed from Debug\stm8s_flash.o ***
_FLASH_ITConfig                     ********   *** removed from Debug\stm8s_flash.o ***
_FLASH_Lock                         ********   *** removed from Debug\stm8s_flash.o ***
_FLASH_ProgramBlock                 ********   *** removed from Debug\stm8s_flash.o ***
_FLASH_ProgramByte                  ********   *** removed from Debug\stm8s_flash.o ***
_FLASH_ProgramOptionByte            ********   *** removed from Debug\stm8s_flash.o ***
_FLASH_ProgramWord                  ********   *** removed from Debug\stm8s_flash.o ***
_FLASH_ReadByte                     ********   *** removed from Debug\stm8s_flash.o ***
_FLASH_ReadOptionByte               ********   *** removed from Debug\stm8s_flash.o ***
_FLASH_SetLowPowerMode              ********   *** removed from Debug\stm8s_flash.o ***
_FLASH_SetProgrammingTime           ********   *** removed from Debug\stm8s_flash.o ***
_FLASH_Unlock                       ********   *** removed from Debug\stm8s_flash.o ***
_FLASH_WaitForLastOperation         ********   *** removed from Debug\stm8s_flash.o ***
_GPIO_DeInit                        000083c8   defined in Debug\stm8s_gpio.o section .text
_GPIO_ExternalPullUpConfig          000084d6   defined in Debug\stm8s_gpio.o section .text
_GPIO_Init                          000083d0   defined in Debug\stm8s_gpio.o section .text
                                               used in Debug\main.o
_GPIO_ReadInputData                 000084cc   defined in Debug\stm8s_gpio.o section .text
_GPIO_ReadInputPin                  000084cf   defined in Debug\stm8s_gpio.o section .text
_GPIO_ReadOutputData                000084ca   defined in Debug\stm8s_gpio.o section .text
_GPIO_Write                         000084ac   defined in Debug\stm8s_gpio.o section .text
_GPIO_WriteHigh                     000084b4   defined in Debug\stm8s_gpio.o section .text
_GPIO_WriteLow                      000084bb   defined in Debug\stm8s_gpio.o section .text
_GPIO_WriteReverse                  000084c3   defined in Debug\stm8s_gpio.o section .text
_HSIDivFactor                       ********   *** removed from Debug\stm8s_clk.o ***
_ITC_DeInit                         ********   *** removed from Debug\stm8s_itc.o ***
_ITC_GetCPUCC                       ********   *** removed from Debug\stm8s_itc.o ***
_ITC_GetSoftIntStatus               ********   *** removed from Debug\stm8s_itc.o ***
_ITC_GetSoftwarePriority            ********   *** removed from Debug\stm8s_itc.o ***
_ITC_SetSoftwarePriority            ********   *** removed from Debug\stm8s_itc.o ***
_IWDG_Config                        0000838e   defined in Debug\main.o section .text
_RST_ClearFlag                      ********   *** removed from Debug\stm8s_rst.o ***
_RST_GetFlagStatus                  ********   *** removed from Debug\stm8s_rst.o ***
_Sys                                0000000c   defined in Debug\main.o section .ubsct
                                               used in Debug\flash.o
_TIM2_GetCounter                    0000829b   defined in Debug\stm8s_it.o section .text
_TIM2_GetITStatus                   000082bd   defined in Debug\stm8s_it.o section .text
_TIM2_SetCompare1                   000082b4   defined in Debug\stm8s_it.o section .text
_TIM2_SetCounter                    00008292   defined in Debug\stm8s_it.o section .text
__delay_10us                        ********   *** removed from Debug\delay.o ***
__delay_ms                          ********   *** removed from Debug\delay.o ***
__delay_us                          ********   *** removed from Debug\delay.o ***
__endmem                            000001ff   defined in command file
                                               *** not used ***
__endzp                             0000004b   defined in command file section .ubsct
                                               used in C:\Program Files (x86)\COSMIC\CXSTM8_32K\Lib\crtsi0.sm8
__idesc__                           000080cf   defined in linker section .init
                                               used in C:\Program Files (x86)\COSMIC\CXSTM8_32K\Lib\crtsi0.sm8
__memory                            00000100   defined in command file section .bss
                                               used in C:\Program Files (x86)\COSMIC\CXSTM8_32K\Lib\crtsi0.sm8
__stack                             000003ff   defined in command file
                                               used in C:\Program Files (x86)\COSMIC\CXSTM8_32K\Lib\crtsi0.sm8
__startmem                          00000100   defined in command file section .bss
                                               *** not used ***
__stext                             000080e1   defined in C:\Program Files (x86)\COSMIC\CXSTM8_32K\Lib\crtsi0.sm8 section .text
                                               used in Debug\stm8_interrupt_vector.o
__vectab                            00008000   defined in Debug\stm8_interrupt_vector.o section .const
_assert_failed                      000083c6   defined in Debug\main.o section .text
                                               used in Debug\stm8s_it.o
                                                       Debug\stm8s_clk.o
                                                       Debug\stm8s_exti.o
                                                       Debug\stm8s_flash.o
                                                       Debug\stm8s_gpio.o
                                                       Debug\stm8s_itc.o
                                                       Debug\stm8s_rst.o
_config_flash2ram                   000081d3   defined in Debug\flash.o section .text
                                               used in Debug\main.o
_config_ram2flash                   000081bd   defined in Debug\flash.o section .text
_eeprom_read_nbyte                  0000817d   defined in Debug\flash.o section .text
_eeprom_write_nbyte                 0000812c   defined in Debug\flash.o section .text
_exit                               0000812a   defined in C:\Program Files (x86)\COSMIC\CXSTM8_32K\Lib\crtsi0.sm8 section .text
_init_timer4                        000083a3   defined in Debug\main.o section .text
_key_change                         00000003   defined in Debug\key.o section .bsct, initialized
_key_press_time                     00000000   defined in Debug\key.o section .bsct, initialized
_key_push_lock                      00000002   defined in Debug\key.o section .bsct, initialized
_key_service                        000081e8   defined in Debug\key.o section .text
                                               used in Debug\stm8s_it.o
_key_status                         0000000b   defined in Debug\key.o section .ubsct
_key_value                          0000000a   defined in Debug\key.o section .ubsct
_main                               000083b4   defined in Debug\main.o section .text
                                               used in C:\Program Files (x86)\COSMIC\CXSTM8_32K\Lib\crtsi0.sm8
_t10ms                              00000008   defined in Debug\stm8s_it.o section .bsct, initialized
_t1s                                00000009   defined in Debug\stm8s_it.o section .bsct, initialized
_t1s_loop                           00008326   defined in Debug\stm8s_it.o section .text
_t2ms                               00000007   defined in Debug\stm8s_it.o section .bsct, initialized
c_cmulx                             ********   *** removed from (C:\Program Files (x86)\COSMIC\CXSTM8_32K\Lib\libm0.sm8)cmulx.o ***
c_divsl                             ********   *** removed from (C:\Program Files (x86)\COSMIC\CXSTM8_32K\Lib\libm0.sm8)ldiv.o ***
c_divul                             ********   *** removed from (C:\Program Files (x86)\COSMIC\CXSTM8_32K\Lib\libm0.sm8)ldiv.o ***
c_ladd                              00008524   defined in (C:\Program Files (x86)\COSMIC\CXSTM8_32K\Lib\libm0.sm8)ladd.o section .text
                                               used in Debug\flash.o
                                                       Debug\stm8s_flash.o
c_lcmp                              ********   *** removed from (C:\Program Files (x86)\COSMIC\CXSTM8_32K\Lib\libm0.sm8)lcmp.o ***
c_lgadd                             ********   *** removed from (C:\Program Files (x86)\COSMIC\CXSTM8_32K\Lib\libm0.sm8)lgadd.o ***
c_lgneg                             ********   *** removed from (C:\Program Files (x86)\COSMIC\CXSTM8_32K\Lib\libm0.sm8)lgneg.o ***
c_lneg                              ********   *** removed from (C:\Program Files (x86)\COSMIC\CXSTM8_32K\Lib\libm0.sm8)lneg.o ***
c_lreg                              00000041   defined in (C:\Program Files (x86)\COSMIC\CXSTM8_32K\Lib\libm0.sm8)lreg.o section .ubsct
                                               used in Debug\flash.o
                                                       Debug\stm8s_clk.o
                                                       Debug\stm8s_flash.o
                                                       (C:\Program Files (x86)\COSMIC\CXSTM8_32K\Lib\libm0.sm8)cmulx.o
                                                       (C:\Program Files (x86)\COSMIC\CXSTM8_32K\Lib\libm0.sm8)ladd.o
                                                       (C:\Program Files (x86)\COSMIC\CXSTM8_32K\Lib\libm0.sm8)lcmp.o
                                                       (C:\Program Files (x86)\COSMIC\CXSTM8_32K\Lib\libm0.sm8)lgadd.o
                                                       (C:\Program Files (x86)\COSMIC\CXSTM8_32K\Lib\libm0.sm8)ltor.o
                                                       (C:\Program Files (x86)\COSMIC\CXSTM8_32K\Lib\libm0.sm8)ldiv.o
                                                       (C:\Program Files (x86)\COSMIC\CXSTM8_32K\Lib\libm0.sm8)lneg.o
                                                       (C:\Program Files (x86)\COSMIC\CXSTM8_32K\Lib\libm0.sm8)rtol.o
                                                       (C:\Program Files (x86)\COSMIC\CXSTM8_32K\Lib\libm0.sm8)utolx.o
                                                       (C:\Program Files (x86)\COSMIC\CXSTM8_32K\Lib\libm0.sm8)umul.o
c_ltor                              0000853c   defined in (C:\Program Files (x86)\COSMIC\CXSTM8_32K\Lib\libm0.sm8)ltor.o section .text
                                               used in Debug\flash.o
                                                       Debug\stm8s_clk.o
                                                       Debug\stm8s_flash.o
c_ludv                              ********   *** removed from (C:\Program Files (x86)\COSMIC\CXSTM8_32K\Lib\libm0.sm8)ludiv.o ***
c_rtol                              0000854e   defined in (C:\Program Files (x86)\COSMIC\CXSTM8_32K\Lib\libm0.sm8)rtol.o section .text
                                               used in Debug\flash.o
                                                       Debug\stm8s_clk.o
                                                       Debug\stm8s_flash.o
c_uitolx                            00008560   defined in (C:\Program Files (x86)\COSMIC\CXSTM8_32K\Lib\libm0.sm8)utolx.o section .text
                                               used in Debug\flash.o
c_umul                              ********   *** removed from (C:\Program Files (x86)\COSMIC\CXSTM8_32K\Lib\libm0.sm8)umul.o ***
c_x                                 00000045   defined in (C:\Program Files (x86)\COSMIC\CXSTM8_32K\Lib\libm0.sm8)xreg.o section .ubsct
                                               used in C:\Program Files (x86)\COSMIC\CXSTM8_32K\Lib\crtsi0.sm8
                                                       Debug\stm8s_it.o
                                                       (C:\Program Files (x86)\COSMIC\CXSTM8_32K\Lib\libm0.sm8)ldiv.o
                                                       (C:\Program Files (x86)\COSMIC\CXSTM8_32K\Lib\libm0.sm8)umul.o
c_y                                 00000048   defined in (C:\Program Files (x86)\COSMIC\CXSTM8_32K\Lib\libm0.sm8)yreg.o section .ubsct
                                               used in C:\Program Files (x86)\COSMIC\CXSTM8_32K\Lib\crtsi0.sm8
                                                       Debug\stm8s_it.o
                                                       (C:\Program Files (x86)\COSMIC\CXSTM8_32K\Lib\libm0.sm8)umul.o
f_ADC1_IRQHandler                   00008325   defined in Debug\stm8s_it.o section .text
                                               used in Debug\stm8_interrupt_vector.o
f_AWU_IRQHandler                    00008308   defined in Debug\stm8s_it.o section .text
                                               used in Debug\stm8_interrupt_vector.o
f_CLK_IRQHandler                    00008309   defined in Debug\stm8s_it.o section .text
                                               used in Debug\stm8_interrupt_vector.o
f_EEPROM_EEC_IRQHandler             0000836b   defined in Debug\stm8s_it.o section .text
                                               used in Debug\stm8_interrupt_vector.o
f_EXTI_PORTA_IRQHandler             0000830a   defined in Debug\stm8s_it.o section .text
                                               used in Debug\stm8_interrupt_vector.o
f_EXTI_PORTB_IRQHandler             0000830b   defined in Debug\stm8s_it.o section .text
                                               used in Debug\stm8_interrupt_vector.o
f_EXTI_PORTC_IRQHandler             0000830c   defined in Debug\stm8s_it.o section .text
                                               used in Debug\stm8_interrupt_vector.o
f_EXTI_PORTD_IRQHandler             0000830d   defined in Debug\stm8s_it.o section .text
                                               used in Debug\stm8_interrupt_vector.o
f_EXTI_PORTE_IRQHandler             0000830e   defined in Debug\stm8s_it.o section .text
                                               used in Debug\stm8_interrupt_vector.o
f_I2C_IRQHandler                    00008324   defined in Debug\stm8s_it.o section .text
                                               used in Debug\stm8_interrupt_vector.o
f_NonHandledInterrupt               00008305   defined in Debug\stm8s_it.o section .text
                                               used in Debug\stm8_interrupt_vector.o
f_SPI_IRQHandler                    0000830f   defined in Debug\stm8s_it.o section .text
                                               used in Debug\stm8_interrupt_vector.o
f_TIM1_CAP_COM_IRQHandler           00008319   defined in Debug\stm8s_it.o section .text
                                               used in Debug\stm8_interrupt_vector.o
f_TIM1_UPD_OVF_TRG_BRK_IRQHandler   00008310   defined in Debug\stm8s_it.o section .text
                                               used in Debug\stm8_interrupt_vector.o
f_TIM2_CAP_COM_IRQHandler           0000831f   defined in Debug\stm8s_it.o section .text
                                               used in Debug\stm8_interrupt_vector.o
f_TIM2_UPD_OVF_BRK_IRQHandler       0000831a   defined in Debug\stm8s_it.o section .text
                                               used in Debug\stm8_interrupt_vector.o
f_TIM3_CAP_COM_IRQHandler           00008321   defined in Debug\stm8s_it.o section .text
                                               *** not used ***
f_TIM3_UPD_OVF_BRK_IRQHandler       00008320   defined in Debug\stm8s_it.o section .text
                                               *** not used ***
f_TIM4_UPD_OVF_IRQHandler           0000833f   defined in Debug\stm8s_it.o section .text
                                               used in Debug\stm8_interrupt_vector.o
f_TLI_IRQHandler                    00008307   defined in Debug\stm8s_it.o section .text
                                               used in Debug\stm8_interrupt_vector.o
f_TRAP_IRQHandler                   00008306   defined in Debug\stm8s_it.o section .text
                                               used in Debug\stm8_interrupt_vector.o
f_UART1_RX_IRQHandler               00008323   defined in Debug\stm8s_it.o section .text
                                               used in Debug\stm8_interrupt_vector.o
f_UART1_TX_IRQHandler               00008322   defined in Debug\stm8s_it.o section .text
                                               used in Debug\stm8_interrupt_vector.o
